// Jest Snapshot v1, https://goo.gl/fbAQLP

exports[`Frontend Created 1`] = `
Object {
  "Mappings": Object {
    "AWSCloudFrontPartitionHostedZoneIdMap": Object {
      "aws": Object {
        "zoneId": "Z2FDTNDATAQYW2",
      },
      "aws-cn": Object {
        "zoneId": "Z3RFFRIM2A3IF5",
      },
    },
  },
  "Parameters": Object {
    "BootstrapVersion": Object {
      "Default": "/cdk-bootstrap/hnb659fds/version",
      "Description": "Version of the CDK Bootstrap resources in this environment, automatically retrieved from SSM Parameter Store. [cdk:skip]",
      "Type": "AWS::SSM::Parameter::Value<String>",
    },
  },
  "Resources": Object {
    "CustomCDKBucketDeployment8693BB64968944B69AAFB0CC9EB8756C81C01536": Object {
      "DependsOn": Array [
        "CustomCDKBucketDeployment8693BB64968944B69AAFB0CC9EB8756CServiceRoleDefaultPolicy88902FDF",
        "CustomCDKBucketDeployment8693BB64968944B69AAFB0CC9EB8756CServiceRole89A01265",
      ],
      "Properties": Object {
        "Code": Object {
          "S3Bucket": "cdk-hnb659fds-assets-123456789012-us-east-1",
          "S3Key": "de91205450df70f943fbde8ad6f4eec685d4c82c11ddec668199a8d2ec4d7065.zip",
        },
        "Handler": "index.handler",
        "Layers": Array [
          Object {
            "Ref": "MyTestFrontendMyTestFrontendbucketdeploymentAwsCliLayer02752A57",
          },
        ],
        "Role": Object {
          "Fn::GetAtt": Array [
            "CustomCDKBucketDeployment8693BB64968944B69AAFB0CC9EB8756CServiceRole89A01265",
            "Arn",
          ],
        },
        "Runtime": "python3.9",
        "Timeout": 900,
      },
      "Type": "AWS::Lambda::Function",
    },
    "CustomCDKBucketDeployment8693BB64968944B69AAFB0CC9EB8756CLogRetention1948627D": Object {
      "Properties": Object {
        "LogGroupName": Object {
          "Fn::Join": Array [
            "",
            Array [
              "/aws/lambda/",
              Object {
                "Ref": "CustomCDKBucketDeployment8693BB64968944B69AAFB0CC9EB8756C81C01536",
              },
            ],
          ],
        },
        "RetentionInDays": 30,
        "ServiceToken": Object {
          "Fn::GetAtt": Array [
            "LogRetentionaae0aa3c5b4d4f87b02d85b201efdd8aFD4BFC8A",
            "Arn",
          ],
        },
      },
      "Type": "Custom::LogRetention",
    },
    "CustomCDKBucketDeployment8693BB64968944B69AAFB0CC9EB8756CServiceRole89A01265": Object {
      "Properties": Object {
        "AssumeRolePolicyDocument": Object {
          "Statement": Array [
            Object {
              "Action": "sts:AssumeRole",
              "Effect": "Allow",
              "Principal": Object {
                "Service": "lambda.amazonaws.com",
              },
            },
          ],
          "Version": "2012-10-17",
        },
        "ManagedPolicyArns": Array [
          Object {
            "Fn::Join": Array [
              "",
              Array [
                "arn:",
                Object {
                  "Ref": "AWS::Partition",
                },
                ":iam::aws:policy/service-role/AWSLambdaBasicExecutionRole",
              ],
            ],
          },
        ],
      },
      "Type": "AWS::IAM::Role",
    },
    "CustomCDKBucketDeployment8693BB64968944B69AAFB0CC9EB8756CServiceRoleDefaultPolicy88902FDF": Object {
      "Properties": Object {
        "PolicyDocument": Object {
          "Statement": Array [
            Object {
              "Action": Array [
                "s3:GetObject*",
                "s3:GetBucket*",
                "s3:List*",
              ],
              "Effect": "Allow",
              "Resource": Array [
                Object {
                  "Fn::Join": Array [
                    "",
                    Array [
                      "arn:",
                      Object {
                        "Ref": "AWS::Partition",
                      },
                      ":s3:::cdk-hnb659fds-assets-123456789012-us-east-1",
                    ],
                  ],
                },
                Object {
                  "Fn::Join": Array [
                    "",
                    Array [
                      "arn:",
                      Object {
                        "Ref": "AWS::Partition",
                      },
                      ":s3:::cdk-hnb659fds-assets-123456789012-us-east-1/*",
                    ],
                  ],
                },
              ],
            },
            Object {
              "Action": Array [
                "s3:GetObject*",
                "s3:GetBucket*",
                "s3:List*",
                "s3:DeleteObject*",
                "s3:PutObject",
                "s3:PutObjectLegalHold",
                "s3:PutObjectRetention",
                "s3:PutObjectTagging",
                "s3:PutObjectVersionTagging",
                "s3:Abort*",
              ],
              "Effect": "Allow",
              "Resource": Array [
                Object {
                  "Fn::GetAtt": Array [
                    "MyTestFrontendMyTestFrontendbucketE6268FCD",
                    "Arn",
                  ],
                },
                Object {
                  "Fn::Join": Array [
                    "",
                    Array [
                      Object {
                        "Fn::GetAtt": Array [
                          "MyTestFrontendMyTestFrontendbucketE6268FCD",
                          "Arn",
                        ],
                      },
                      "/*",
                    ],
                  ],
                },
              ],
            },
          ],
          "Version": "2012-10-17",
        },
        "PolicyName": "CustomCDKBucketDeployment8693BB64968944B69AAFB0CC9EB8756CServiceRoleDefaultPolicy88902FDF",
        "Roles": Array [
          Object {
            "Ref": "CustomCDKBucketDeployment8693BB64968944B69AAFB0CC9EB8756CServiceRole89A01265",
          },
        ],
      },
      "Type": "AWS::IAM::Policy",
    },
    "CustomS3AutoDeleteObjectsCustomResourceProviderHandler9D90184F": Object {
      "DependsOn": Array [
        "CustomS3AutoDeleteObjectsCustomResourceProviderRole3B1BD092",
      ],
      "Properties": Object {
        "Code": Object {
          "S3Bucket": "cdk-hnb659fds-assets-123456789012-us-east-1",
          "S3Key": "40aa87cdf43c4095cec18bc443965f22ab2f8c1ace47e482a0ba4e35d83b0cc9.zip",
        },
        "Description": Object {
          "Fn::Join": Array [
            "",
            Array [
              "Lambda function for auto-deleting objects in ",
              Object {
                "Ref": "MyTestFrontendMyTestFrontendbucketE6268FCD",
              },
              " S3 bucket.",
            ],
          ],
        },
        "Handler": "__entrypoint__.handler",
        "MemorySize": 128,
        "Role": Object {
          "Fn::GetAtt": Array [
            "CustomS3AutoDeleteObjectsCustomResourceProviderRole3B1BD092",
            "Arn",
          ],
        },
        "Runtime": "nodejs14.x",
        "Timeout": 900,
      },
      "Type": "AWS::Lambda::Function",
    },
    "CustomS3AutoDeleteObjectsCustomResourceProviderRole3B1BD092": Object {
      "Properties": Object {
        "AssumeRolePolicyDocument": Object {
          "Statement": Array [
            Object {
              "Action": "sts:AssumeRole",
              "Effect": "Allow",
              "Principal": Object {
                "Service": "lambda.amazonaws.com",
              },
            },
          ],
          "Version": "2012-10-17",
        },
        "ManagedPolicyArns": Array [
          Object {
            "Fn::Sub": "arn:\${AWS::Partition}:iam::aws:policy/service-role/AWSLambdaBasicExecutionRole",
          },
        ],
      },
      "Type": "AWS::IAM::Role",
    },
    "LogRetentionaae0aa3c5b4d4f87b02d85b201efdd8aFD4BFC8A": Object {
      "DependsOn": Array [
        "LogRetentionaae0aa3c5b4d4f87b02d85b201efdd8aServiceRoleDefaultPolicyADDA7DEB",
        "LogRetentionaae0aa3c5b4d4f87b02d85b201efdd8aServiceRole9741ECFB",
      ],
      "Properties": Object {
        "Code": Object {
          "S3Bucket": "cdk-hnb659fds-assets-123456789012-us-east-1",
          "S3Key": "f5b6a6d08a8206e67d0b54e2a29abd7e0472d835abc71037de3a93545b5edacc.zip",
        },
        "Handler": "index.handler",
        "Role": Object {
          "Fn::GetAtt": Array [
            "LogRetentionaae0aa3c5b4d4f87b02d85b201efdd8aServiceRole9741ECFB",
            "Arn",
          ],
        },
        "Runtime": "nodejs14.x",
      },
      "Type": "AWS::Lambda::Function",
    },
    "LogRetentionaae0aa3c5b4d4f87b02d85b201efdd8aServiceRole9741ECFB": Object {
      "Properties": Object {
        "AssumeRolePolicyDocument": Object {
          "Statement": Array [
            Object {
              "Action": "sts:AssumeRole",
              "Effect": "Allow",
              "Principal": Object {
                "Service": "lambda.amazonaws.com",
              },
            },
          ],
          "Version": "2012-10-17",
        },
        "ManagedPolicyArns": Array [
          Object {
            "Fn::Join": Array [
              "",
              Array [
                "arn:",
                Object {
                  "Ref": "AWS::Partition",
                },
                ":iam::aws:policy/service-role/AWSLambdaBasicExecutionRole",
              ],
            ],
          },
        ],
      },
      "Type": "AWS::IAM::Role",
    },
    "LogRetentionaae0aa3c5b4d4f87b02d85b201efdd8aServiceRoleDefaultPolicyADDA7DEB": Object {
      "Properties": Object {
        "PolicyDocument": Object {
          "Statement": Array [
            Object {
              "Action": Array [
                "logs:PutRetentionPolicy",
                "logs:DeleteRetentionPolicy",
              ],
              "Effect": "Allow",
              "Resource": "*",
            },
          ],
          "Version": "2012-10-17",
        },
        "PolicyName": "LogRetentionaae0aa3c5b4d4f87b02d85b201efdd8aServiceRoleDefaultPolicyADDA7DEB",
        "Roles": Array [
          Object {
            "Ref": "LogRetentionaae0aa3c5b4d4f87b02d85b201efdd8aServiceRole9741ECFB",
          },
        ],
      },
      "Type": "AWS::IAM::Policy",
    },
    "MyTestFrontendMyTestFrontendarecord2122C282": Object {
      "Properties": Object {
        "AliasTarget": Object {
          "DNSName": Object {
            "Fn::GetAtt": Array [
              "MyTestFrontendMyTestFrontenddistributionCFDistributionE6F8BA69",
              "DomainName",
            ],
          },
          "HostedZoneId": Object {
            "Fn::FindInMap": Array [
              "AWSCloudFrontPartitionHostedZoneIdMap",
              Object {
                "Ref": "AWS::Partition",
              },
              "zoneId",
            ],
          },
        },
        "HostedZoneId": "DUMMY",
        "Name": "myapp.example.com.",
        "Type": "A",
      },
      "Type": "AWS::Route53::RecordSet",
    },
    "MyTestFrontendMyTestFrontendbucketAutoDeleteObjectsCustomResourceCDB9341B": Object {
      "DeletionPolicy": "Delete",
      "DependsOn": Array [
        "MyTestFrontendMyTestFrontendbucketPolicyEBF483A8",
      ],
      "Properties": Object {
        "BucketName": Object {
          "Ref": "MyTestFrontendMyTestFrontendbucketE6268FCD",
        },
        "ServiceToken": Object {
          "Fn::GetAtt": Array [
            "CustomS3AutoDeleteObjectsCustomResourceProviderHandler9D90184F",
            "Arn",
          ],
        },
      },
      "Type": "Custom::S3AutoDeleteObjects",
      "UpdateReplacePolicy": "Delete",
    },
    "MyTestFrontendMyTestFrontendbucketE6268FCD": Object {
      "DeletionPolicy": "Delete",
      "Properties": Object {
        "BucketName": "myapp.example.com",
        "PublicAccessBlockConfiguration": Object {
          "BlockPublicAcls": true,
          "BlockPublicPolicy": true,
          "IgnorePublicAcls": true,
          "RestrictPublicBuckets": true,
        },
        "Tags": Array [
          Object {
            "Key": "aws-cdk:auto-delete-objects",
            "Value": "true",
          },
          Object {
            "Key": "aws-cdk:cr-owned:12559e8a",
            "Value": "true",
          },
        ],
        "WebsiteConfiguration": Object {
          "ErrorDocument": "index.html",
          "IndexDocument": "index.html",
        },
      },
      "Type": "AWS::S3::Bucket",
      "UpdateReplacePolicy": "Delete",
    },
    "MyTestFrontendMyTestFrontendbucketPolicyEBF483A8": Object {
      "Properties": Object {
        "Bucket": Object {
          "Ref": "MyTestFrontendMyTestFrontendbucketE6268FCD",
        },
        "PolicyDocument": Object {
          "Statement": Array [
            Object {
              "Action": Array [
                "s3:GetBucket*",
                "s3:List*",
                "s3:DeleteObject*",
              ],
              "Effect": "Allow",
              "Principal": Object {
                "AWS": Object {
                  "Fn::GetAtt": Array [
                    "CustomS3AutoDeleteObjectsCustomResourceProviderRole3B1BD092",
                    "Arn",
                  ],
                },
              },
              "Resource": Array [
                Object {
                  "Fn::GetAtt": Array [
                    "MyTestFrontendMyTestFrontendbucketE6268FCD",
                    "Arn",
                  ],
                },
                Object {
                  "Fn::Join": Array [
                    "",
                    Array [
                      Object {
                        "Fn::GetAtt": Array [
                          "MyTestFrontendMyTestFrontendbucketE6268FCD",
                          "Arn",
                        ],
                      },
                      "/*",
                    ],
                  ],
                },
              ],
            },
            Object {
              "Action": "s3:GetObject*",
              "Effect": "Allow",
              "Principal": Object {
                "CanonicalUser": Object {
                  "Fn::GetAtt": Array [
                    "MyTestFrontendMyTestFrontendoriginaccessidentity60A8D7A4",
                    "S3CanonicalUserId",
                  ],
                },
              },
              "Resource": Object {
                "Fn::Join": Array [
                  "",
                  Array [
                    Object {
                      "Fn::GetAtt": Array [
                        "MyTestFrontendMyTestFrontendbucketE6268FCD",
                        "Arn",
                      ],
                    },
                    "/*",
                  ],
                ],
              },
            },
            Object {
              "Action": "s3:ListBucket",
              "Effect": "Allow",
              "Principal": Object {
                "CanonicalUser": Object {
                  "Fn::GetAtt": Array [
                    "MyTestFrontendMyTestFrontendoriginaccessidentity60A8D7A4",
                    "S3CanonicalUserId",
                  ],
                },
              },
              "Resource": Object {
                "Fn::GetAtt": Array [
                  "MyTestFrontendMyTestFrontendbucketE6268FCD",
                  "Arn",
                ],
              },
            },
            Object {
              "Action": "s3:GetObject",
              "Effect": "Allow",
              "Principal": Object {
                "CanonicalUser": Object {
                  "Fn::GetAtt": Array [
                    "MyTestFrontendMyTestFrontendoriginaccessidentity60A8D7A4",
                    "S3CanonicalUserId",
                  ],
                },
              },
              "Resource": Object {
                "Fn::Join": Array [
                  "",
                  Array [
                    Object {
                      "Fn::GetAtt": Array [
                        "MyTestFrontendMyTestFrontendbucketE6268FCD",
                        "Arn",
                      ],
                    },
                    "/*",
                  ],
                ],
              },
            },
          ],
          "Version": "2012-10-17",
        },
      },
      "Type": "AWS::S3::BucketPolicy",
    },
    "MyTestFrontendMyTestFrontendbucketdeploymentAwsCliLayer02752A57": Object {
      "Properties": Object {
        "Content": Object {
          "S3Bucket": "cdk-hnb659fds-assets-123456789012-us-east-1",
          "S3Key": "68b22621fff135f9e3f225bad7ff80fdf2f45c3d9910af601206a0d9b279933a.zip",
        },
        "Description": "/opt/awscli/aws",
      },
      "Type": "AWS::Lambda::LayerVersion",
    },
    "MyTestFrontendMyTestFrontendbucketdeploymentCustomResource4DD00497": Object {
      "DeletionPolicy": "Delete",
      "Properties": Object {
        "DestinationBucketName": Object {
          "Ref": "MyTestFrontendMyTestFrontendbucketE6268FCD",
        },
        "Prune": true,
        "ServiceToken": Object {
          "Fn::GetAtt": Array [
            "CustomCDKBucketDeployment8693BB64968944B69AAFB0CC9EB8756C81C01536",
            "Arn",
          ],
        },
        "SourceBucketNames": Array [
          "cdk-hnb659fds-assets-123456789012-us-east-1",
        ],
        "SourceObjectKeys": Array [
          "18a4731269f44daf7dedea411dd9cac790206fada2e0bc5e11c65ce27ef1dfdc.zip",
        ],
      },
      "Type": "Custom::CDKBucketDeployment",
      "UpdateReplacePolicy": "Delete",
    },
    "MyTestFrontendMyTestFrontendcertificateCertificateRequestorFunction822D86CA": Object {
      "DependsOn": Array [
        "MyTestFrontendMyTestFrontendcertificateCertificateRequestorFunctionServiceRoleDefaultPolicy1719F132",
        "MyTestFrontendMyTestFrontendcertificateCertificateRequestorFunctionServiceRole586510A7",
      ],
      "Properties": Object {
        "Code": Object {
          "S3Bucket": "cdk-hnb659fds-assets-123456789012-us-east-1",
          "S3Key": "ef671dfd26b6dde1f73a4325587504813605a928622ebc466f4d0de6a0f3b672.zip",
        },
        "Handler": "index.certificateRequestHandler",
        "Role": Object {
          "Fn::GetAtt": Array [
            "MyTestFrontendMyTestFrontendcertificateCertificateRequestorFunctionServiceRole586510A7",
            "Arn",
          ],
        },
        "Runtime": "nodejs14.x",
        "Timeout": 900,
      },
      "Type": "AWS::Lambda::Function",
    },
    "MyTestFrontendMyTestFrontendcertificateCertificateRequestorFunctionServiceRole586510A7": Object {
      "Properties": Object {
        "AssumeRolePolicyDocument": Object {
          "Statement": Array [
            Object {
              "Action": "sts:AssumeRole",
              "Effect": "Allow",
              "Principal": Object {
                "Service": "lambda.amazonaws.com",
              },
            },
          ],
          "Version": "2012-10-17",
        },
        "ManagedPolicyArns": Array [
          Object {
            "Fn::Join": Array [
              "",
              Array [
                "arn:",
                Object {
                  "Ref": "AWS::Partition",
                },
                ":iam::aws:policy/service-role/AWSLambdaBasicExecutionRole",
              ],
            ],
          },
        ],
      },
      "Type": "AWS::IAM::Role",
    },
    "MyTestFrontendMyTestFrontendcertificateCertificateRequestorFunctionServiceRoleDefaultPolicy1719F132": Object {
      "Properties": Object {
        "PolicyDocument": Object {
          "Statement": Array [
            Object {
              "Action": Array [
                "acm:RequestCertificate",
                "acm:DescribeCertificate",
                "acm:DeleteCertificate",
                "acm:AddTagsToCertificate",
              ],
              "Effect": "Allow",
              "Resource": "*",
            },
            Object {
              "Action": "route53:GetChange",
              "Effect": "Allow",
              "Resource": "*",
            },
            Object {
              "Action": "route53:changeResourceRecordSets",
              "Condition": Object {
                "ForAllValues:StringEquals": Object {
                  "route53:ChangeResourceRecordSetsActions": Array [
                    "UPSERT",
                  ],
                  "route53:ChangeResourceRecordSetsRecordTypes": Array [
                    "CNAME",
                  ],
                },
                "ForAllValues:StringLike": Object {
                  "route53:ChangeResourceRecordSetsNormalizedRecordNames": Array [
                    "*.myapp.example.com",
                  ],
                },
              },
              "Effect": "Allow",
              "Resource": Object {
                "Fn::Join": Array [
                  "",
                  Array [
                    "arn:",
                    Object {
                      "Ref": "AWS::Partition",
                    },
                    ":route53:::hostedzone/DUMMY",
                  ],
                ],
              },
            },
          ],
          "Version": "2012-10-17",
        },
        "PolicyName": "MyTestFrontendMyTestFrontendcertificateCertificateRequestorFunctionServiceRoleDefaultPolicy1719F132",
        "Roles": Array [
          Object {
            "Ref": "MyTestFrontendMyTestFrontendcertificateCertificateRequestorFunctionServiceRole586510A7",
          },
        ],
      },
      "Type": "AWS::IAM::Policy",
    },
    "MyTestFrontendMyTestFrontendcertificateCertificateRequestorResource3D675D18": Object {
      "DeletionPolicy": "Delete",
      "Properties": Object {
        "DomainName": "myapp.example.com",
        "HostedZoneId": "DUMMY",
        "Region": "us-east-1",
        "ServiceToken": Object {
          "Fn::GetAtt": Array [
            "MyTestFrontendMyTestFrontendcertificateCertificateRequestorFunction822D86CA",
            "Arn",
          ],
        },
      },
      "Type": "AWS::CloudFormation::CustomResource",
      "UpdateReplacePolicy": "Delete",
    },
    "MyTestFrontendMyTestFrontenddistributionCFDistributionE6F8BA69": Object {
      "Properties": Object {
        "DistributionConfig": Object {
          "Aliases": Array [
            "myapp.example.com",
          ],
          "CacheBehaviors": Array [
            Object {
              "AllowedMethods": Array [
                "GET",
                "HEAD",
              ],
              "CachedMethods": Array [
                "GET",
                "HEAD",
              ],
              "Compress": true,
              "DefaultTTL": 0,
              "ForwardedValues": Object {
                "Cookies": Object {
                  "Forward": "none",
                },
                "QueryString": false,
              },
              "MaxTTL": 0,
              "MinTTL": 0,
              "PathPattern": "/index.html",
              "TargetOriginId": "origin1",
              "ViewerProtocolPolicy": "redirect-to-https",
            },
            Object {
              "AllowedMethods": Array [
                "GET",
                "HEAD",
              ],
              "CachedMethods": Array [
                "GET",
                "HEAD",
              ],
              "Compress": true,
              "DefaultTTL": 0,
              "ForwardedValues": Object {
                "Cookies": Object {
                  "Forward": "none",
                },
                "QueryString": false,
              },
              "MaxTTL": 0,
              "MinTTL": 0,
              "PathPattern": "/version.txt",
              "TargetOriginId": "origin1",
              "ViewerProtocolPolicy": "redirect-to-https",
            },
            Object {
              "AllowedMethods": Array [
                "GET",
                "HEAD",
              ],
              "CachedMethods": Array [
                "GET",
                "HEAD",
              ],
              "Compress": true,
              "DefaultTTL": 0,
              "ForwardedValues": Object {
                "Cookies": Object {
                  "Forward": "none",
                },
                "QueryString": false,
              },
              "MaxTTL": 0,
              "MinTTL": 0,
              "PathPattern": "/set-env.sh",
              "TargetOriginId": "origin1",
              "ViewerProtocolPolicy": "redirect-to-https",
            },
            Object {
              "AllowedMethods": Array [
                "DELETE",
                "GET",
                "HEAD",
                "OPTIONS",
                "PATCH",
                "POST",
                "PUT",
              ],
              "CachedMethods": Array [
                "GET",
                "HEAD",
              ],
              "Compress": true,
              "ForwardedValues": Object {
                "Cookies": Object {
                  "Forward": "all",
                },
                "Headers": Array [
                  "*",
                ],
                "QueryString": true,
              },
              "PathPattern": "/api/*",
              "TargetOriginId": "origin2",
              "ViewerProtocolPolicy": "redirect-to-https",
            },
            Object {
              "AllowedMethods": Array [
                "DELETE",
                "GET",
                "HEAD",
                "OPTIONS",
                "PATCH",
                "POST",
                "PUT",
              ],
              "CachedMethods": Array [
                "GET",
                "HEAD",
              ],
              "Compress": true,
              "ForwardedValues": Object {
                "Cookies": Object {
                  "Forward": "all",
                },
                "Headers": Array [
                  "*",
                ],
                "QueryString": true,
              },
              "PathPattern": "/ca-api/*",
              "TargetOriginId": "origin2",
              "ViewerProtocolPolicy": "redirect-to-https",
            },
            Object {
              "AllowedMethods": Array [
                "DELETE",
                "GET",
                "HEAD",
                "OPTIONS",
                "PATCH",
                "POST",
                "PUT",
              ],
              "CachedMethods": Array [
                "GET",
                "HEAD",
              ],
              "Compress": true,
              "ForwardedValues": Object {
                "Cookies": Object {
                  "Forward": "all",
                },
                "Headers": Array [
                  "*",
                ],
                "QueryString": true,
              },
              "PathPattern": "/ca-apiws/*",
              "TargetOriginId": "origin2",
              "ViewerProtocolPolicy": "redirect-to-https",
            },
            Object {
              "AllowedMethods": Array [
                "DELETE",
                "GET",
                "HEAD",
                "OPTIONS",
                "PATCH",
                "POST",
                "PUT",
              ],
              "CachedMethods": Array [
                "GET",
                "HEAD",
              ],
              "Compress": true,
              "ForwardedValues": Object {
                "Cookies": Object {
                  "Forward": "all",
                },
                "Headers": Array [
                  "*",
                ],
                "QueryString": true,
              },
              "PathPattern": "/a2a/*",
              "TargetOriginId": "origin2",
              "ViewerProtocolPolicy": "redirect-to-https",
            },
            Object {
              "AllowedMethods": Array [
                "DELETE",
                "GET",
                "HEAD",
                "OPTIONS",
                "PATCH",
                "POST",
                "PUT",
              ],
              "CachedMethods": Array [
                "GET",
                "HEAD",
              ],
              "Compress": true,
              "ForwardedValues": Object {
                "Cookies": Object {
                  "Forward": "all",
                },
                "Headers": Array [
                  "*",
                ],
                "QueryString": true,
              },
              "PathPattern": "/register/*",
              "TargetOriginId": "origin2",
              "ViewerProtocolPolicy": "redirect-to-https",
            },
            Object {
              "AllowedMethods": Array [
                "DELETE",
                "GET",
                "HEAD",
                "OPTIONS",
                "PATCH",
                "POST",
                "PUT",
              ],
              "CachedMethods": Array [
                "GET",
                "HEAD",
              ],
              "Compress": true,
              "ForwardedValues": Object {
                "Cookies": Object {
                  "Forward": "all",
                },
                "Headers": Array [
                  "*",
                ],
                "QueryString": true,
              },
              "PathPattern": "/login/*",
              "TargetOriginId": "origin2",
              "ViewerProtocolPolicy": "redirect-to-https",
            },
            Object {
              "AllowedMethods": Array [
                "DELETE",
                "GET",
                "HEAD",
                "OPTIONS",
                "PATCH",
                "POST",
                "PUT",
              ],
              "CachedMethods": Array [
                "GET",
                "HEAD",
              ],
              "Compress": true,
              "ForwardedValues": Object {
                "Cookies": Object {
                  "Forward": "all",
                },
                "Headers": Array [
                  "*",
                ],
                "QueryString": true,
              },
              "PathPattern": "/query*",
              "TargetOriginId": "origin2",
              "ViewerProtocolPolicy": "redirect-to-https",
            },
          ],
          "CustomErrorResponses": Array [
            Object {
              "ErrorCachingMinTTL": 0,
              "ErrorCode": 404,
              "ResponseCode": 200,
              "ResponsePagePath": "/index.html",
            },
          ],
          "DefaultCacheBehavior": Object {
            "AllowedMethods": Array [
              "GET",
              "HEAD",
            ],
            "CachedMethods": Array [
              "GET",
              "HEAD",
            ],
            "Compress": true,
            "ForwardedValues": Object {
              "Cookies": Object {
                "Forward": "none",
              },
              "QueryString": false,
            },
            "TargetOriginId": "origin1",
            "ViewerProtocolPolicy": "redirect-to-https",
          },
          "DefaultRootObject": "index.html",
          "Enabled": true,
          "HttpVersion": "http2",
          "IPV6Enabled": true,
          "Origins": Array [
            Object {
              "ConnectionAttempts": 3,
              "ConnectionTimeout": 10,
              "DomainName": Object {
                "Fn::GetAtt": Array [
                  "MyTestFrontendMyTestFrontendbucketE6268FCD",
                  "RegionalDomainName",
                ],
              },
              "Id": "origin1",
              "S3OriginConfig": Object {
                "OriginAccessIdentity": Object {
                  "Fn::Join": Array [
                    "",
                    Array [
                      "origin-access-identity/cloudfront/",
                      Object {
                        "Ref": "MyTestFrontendMyTestFrontendoriginaccessidentity60A8D7A4",
                      },
                    ],
                  ],
                },
              },
            },
            Object {
              "ConnectionAttempts": 3,
              "ConnectionTimeout": 10,
              "CustomOriginConfig": Object {
                "HTTPPort": 80,
                "HTTPSPort": 443,
                "OriginKeepaliveTimeout": 5,
                "OriginProtocolPolicy": "https-only",
                "OriginReadTimeout": 30,
                "OriginSSLProtocols": Array [
                  "TLSv1.2",
                ],
              },
              "DomainName": "myappapi.example.com",
              "Id": "origin2",
            },
          ],
          "PriceClass": "PriceClass_100",
          "ViewerCertificate": Object {
            "AcmCertificateArn": Object {
              "Fn::GetAtt": Array [
                "MyTestFrontendMyTestFrontendcertificateCertificateRequestorResource3D675D18",
                "Arn",
              ],
            },
            "MinimumProtocolVersion": "TLSv1.2_2021",
            "SslSupportMethod": "sni-only",
          },
        },
      },
      "Type": "AWS::CloudFront::Distribution",
    },
    "MyTestFrontendMyTestFrontendoriginaccessidentity60A8D7A4": Object {
      "Properties": Object {
        "CloudFrontOriginAccessIdentityConfig": Object {
          "Comment": "Access bucket myapp.example.com only from Cloudfront",
        },
      },
      "Type": "AWS::CloudFront::CloudFrontOriginAccessIdentity",
    },
  },
  "Rules": Object {
    "CheckBootstrapVersion": Object {
      "Assertions": Array [
        Object {
          "Assert": Object {
            "Fn::Not": Array [
              Object {
                "Fn::Contains": Array [
                  Array [
                    "1",
                    "2",
                    "3",
                    "4",
                    "5",
                  ],
                  Object {
                    "Ref": "BootstrapVersion",
                  },
                ],
              },
            ],
          },
          "AssertDescription": "CDK bootstrap stack version 6 required. Please run 'cdk bootstrap' with a recent version of the CDK CLI.",
        },
      ],
    },
  },
}
`;
